// Jest Snapshot v1, https://goo.gl/fbAQLP

exports[`Author renders correctly 1`] = `
<div>
  <p>
    Pellentesque odio nisi, euismod in, pharetra a, ultricies in, diam. Sed arcu.
    <a
      href="https://www.linkedin.com/in/rme-infosec/"
      rel="noopener noreferrer"
      target="_blank"
    >
      <strong>
        Ryan Emmons
      </strong>
       on LinkedIn
    </a>
  </p>
</div>
`;
